// Jest Snapshot v1, https://goo.gl/fbAQLP

exports[`Pruebas en <GifGrid /> debe de mostrarse correctamente 1`] = `
<Fragment>
  <h2
    className="animate__animated animate__fadeIn"
  >
    batman
  </h2>
  <p
    className="animate__animated animate__flash"
  >
     loading... 
  </p>
  <div
    className="card-grid"
  />
</Fragment>
`;
